################################################################################
#                                                                              #
#      IAR Universal Linker V6.4.6.89                                          #
#                                                                              #
#           Link time     =  20/Apr/2020  08:58:17                             #
#           Target CPU    =  x51                                               #
#           List file     =  E:\51hei_mcu\自己发布资料\图形\STC8A8K64S4A12\Pro #
#                            ject\Graphics\Graphics\List\Graphics.map          #
#           Output file 1 =  E:\51hei_mcu\自己发布资料\图形\STC8A8K64S4A12\Pro #
#                            ject\Graphics\Graphics\Exe\Graphics.hex           #
#                            Format: intel-standard                            #
#           Output file 2 =  E:\51hei_mcu\自己发布资料\图形\STC8A8K64S4A12\Pro #
#                            ject\Graphics\Graphics\Exe\Graphics.bin           #
#                            Format: raw-binary, variant: -y(CODE)             #
#           Output file 3 =  E:\51hei_mcu\自己发布资料\图形\STC8A8K64S4A12\Pro #
#                            ject\Graphics\Graphics\Exe\Graphics.d51           #
#                            Format: ubrof10                                   #
#                            UBROF version 10.0.6                              #
#                            Using library modules for C-SPY (-rt)             #
#           Command line  =  -f C:\Users\wyt\AppData\Local\Temp\EWE0E8.tmp     #
#                            (E:\51hei_mcu\自己发布资料\图形\STC8A8K64S4A12\Pr #
#                            oject\Graphics\Graphics\Obj\clock_plate.r51       #
#                            E:\51hei_mcu\自己发布资料\图形\STC8A8K64S4A12\Pro #
#                            ject\Graphics\Graphics\Obj\delay.r51              #
#                            E:\51hei_mcu\自己发布资料\图形\STC8A8K64S4A12\Pro #
#                            ject\Graphics\Graphics\Obj\ds3231.r51             #
#                            E:\51hei_mcu\自己发布资料\图形\STC8A8K64S4A12\Pro #
#                            ject\Graphics\Graphics\Obj\i2c_hard.r51           #
#                            E:\51hei_mcu\自己发布资料\图形\STC8A8K64S4A12\Pro #
#                            ject\Graphics\Graphics\Obj\main.r51               #
#                            E:\51hei_mcu\自己发布资料\图形\STC8A8K64S4A12\Pro #
#                            ject\Graphics\Graphics\Obj\oled.r51               #
#                            E:\51hei_mcu\自己发布资料\图形\STC8A8K64S4A12\Pro #
#                            ject\Graphics\Graphics\Obj\spi_hard.r51           #
#                            E:\51hei_mcu\自己发布资料\图形\STC8A8K64S4A12\Pro #
#                            ject\Graphics\Graphics\Obj\uart.r51               #
#                            -o                                                #
#                            E:\51hei_mcu\自己发布资料\图形\STC8A8K64S4A12\Pro #
#                            ject\Graphics\Graphics\Exe\Graphics.d51           #
#                            -l                                                #
#                            E:\51hei_mcu\自己发布资料\图形\STC8A8K64S4A12\Pro #
#                            ject\Graphics\Graphics\List\Graphics.map          #
#                            -xms -ID:\IAR_8051_10\8051\LIB\ -f                #
#                            D:\IAR_8051_10\8051\config\devices\STC\lnk51ew_ST #
#                            C8A8K64S4A12.xcl                                  #
#                            (-D_IDATA0_START=0x00 -D_IDATA0_END=0xFF          #
#                            -D_PDATA0_START=0x0000 -D_PDATA0_END=0x00FF       #
#                            -D_IXDATA0_START=0x0001 -D_IXDATA0_END=0x1FFF     #
#                            -D_XDATA0_START=0x0001 -D_XDATA0_END=0x1FFF       #
#                            -D_CODE0_START=0x0000 -D_CODE0_END=0xFFFF         #
#                            -D?REGISTER_BANK=0x0 -D_REGISTER_BANK_START=0x0   #
#                            -D_BREG_START=0x00 -D?VB=0x20                     #
#                            -Z(BIT)BREG=_BREG_START -Z(BIT)BIT_N=0-7F         #
#                            -Z(DATA)REGISTERS+8=_REGISTER_BANK_START          #
#                            -Z(DATA)BDATA_Z,BDATA_N,BDATA_I=20-2F             #
#                            -Z(DATA)VREG=08-7F -Z(DATA)PSP,XSP=08-7F          #
#                            -Z(DATA)DOVERLAY=08-7F                            #
#                            -Z(DATA)DATA_I,DATA_Z,DATA_N=08-7F                #
#                            -U(IDATA)0-7F=(DATA)0-7F                          #
#                            -Z(IDATA)IDATA_I,IDATA_Z,IDATA_N=08-_IDATA0_END   #
#                            -Z(IDATA)ISTACK+_IDATA_STACK_SIZE#08-_IDATA0_END  #
#                            -Z(IDATA)IOVERLAY=08-FF -Z(CODE)INTVEC=0          #
#                            -Z(CODE)CSTART=_CODE0_START-_CODE0_END            #
#                            -Z(CODE)BIT_ID,BDATA_ID,DATA_ID,IDATA_ID,IXDATA_I #
#                            D,PDATA_ID,XDATA_ID=_CODE0_START-_CODE0_END       #
#                            -Z(CODE)HUGE_ID=_CODE0_START-_CODE0_END           #
#                            -Z(CODE)RCODE,DIFUNCT=_CODE0_START-_CODE0_END     #
#                            -P(CODE)CODE_C,CODE_N,NEAR_CODE=_CODE0_START-_COD #
#                            E0_END                                            #
#                            -Z(CODE)CHECKSUM#_CODE0_END                       #
#                            -Z(XDATA)PDATA_Z,PDATA_I=_PDATA0_START-_PDATA0_EN #
#                            D                                                 #
#                            -P(XDATA)PDATA_N=_PDATA0_START-_PDATA0_END        #
#                            -Z(XDATA)PSTACK+_PDATA_STACK_SIZE=_PDATA0_START-_ #
#                            PDATA0_END                                        #
#                            -Z(XDATA)EXT_STACK+_EXTENDED_STACK_SIZE=_EXTENDED #
#                            _STACK_START                                      #
#                            -Z(XDATA)XSTACK+_XDATA_STACK_SIZE=_XDATA0_START-_ #
#                            XDATA0_END                                        #
#                            -Z(XDATA)IXDATA_I,IXDATA_Z=_IXDATA0_START-_IXDATA #
#                            0_END                                             #
#                            -P(XDATA)IXDATA_N=_IXDATA0_START-_IXDATA0_END     #
#                            -Z(XDATA)XDATA_I,XDATA_Z=_XDATA0_START-_XDATA0_EN #
#                            D                                                 #
#                            -P(XDATA)XDATA_N=_XDATA0_START-_XDATA0_END        #
#                            -Z(XDATA)XDATA_HEAP+_XDATA_HEAP_SIZE=_XDATA0_STAR #
#                            T-_XDATA0_END                                     #
#                            -Z(CONST)XDATA_ROM_C=_XDATA0_START-_XDATA0_END    #
#                            -Z(CODE)FAR22_ID=[_CODE0_START-_CODE0_END]/10000  #
#                            -Z(CODE)FAR_ID=[_CODE0_START-_CODE0_END]/10000    #
#                            -cx51) -D_NR_OF_VIRTUAL_REGISTERS=10              #
#                            -D?PBANK=0xA0 -D?DPL1=0xE4 -D?DPH1=0xE5           #
#                            -D?CBANK=0xF0 -D?CBANK_MASK=0x30                  #
#                            -e?BCALL_30=?BCALL -e?BRET_30=?BRET               #
#                            -e?BDISPATCH_30=?BDISPATCH                        #
#                            -D_CODEBANK_START=0x8000 -D_CODEBANK_END=0xFFFF   #
#                            -D_NR_OF_BANKS=0x03                               #
#                            -ID:\IAR_8051_10\8051\CONFIG\ -rt                 #
#                            -Ointel-standard=E:\51hei_mcu\自己发布资料\图形\S #
#                            TC8A8K64S4A12\Project\Graphics\Graphics\Exe\Graph #
#                            ics.hex                                           #
#                            -s __program_start                                #
#                            D:\IAR_8051_10\8051\LIB\CLIB\cl-pli-nlxd-1e16x01. #
#                            r51                                               #
#                            -D_IDATA_STACK_SIZE=0x40 -D?ESP=0 -D?ESP_MASK=0   #
#                            -D_EXTENDED_STACK_START=0                         #
#                            -D_EXTENDED_STACK_SIZE=0                          #
#                            -D_PDATA_STACK_SIZE=0x80                          #
#                            -D_XDATA_STACK_SIZE=0x2FF                         #
#                            -D_XDATA_HEAP_SIZE=0x1FF -D_FAR_HEAP_SIZE=0xFFF   #
#                            -D_HUGE_HEAP_SIZE=0xFFF                           #
#                            -Oraw-binary,(CODE)=.bin                          #
#                            -D_FAR22_HEAP_SIZE=0xFFF)                         #
#                                                                              #
#                           Copyright (C) 1987-2016 IAR Systems AB.            #
################################################################################





                ****************************************
                *                                      *
                *           CROSS REFERENCE            *
                *                                      *
                ****************************************

       Program entry at : CODE      00000044  Relocatable, from module : CSTARTUP




                ****************************************
                *                                      *
                *            RUNTIME MODEL             *
                *                                      *
                ****************************************

  __SystemLibrary          = CLib
  __calling_convention     = xdata_reentrant
  __code_model             = near
  __core                   = plain
  __data_model             = large
  __dptr_size              = 16
  __extended_stack         = disabled
  __location_for_constants = data
  __number_of_dptrs        = 1
  __register_banks         = *
  __rt_version             = 1

                ****************************************
                *                                      *
                *    AUTOMATIC SYMBOL REDIRECTIONS     *
                *                                      *
                ****************************************

       All references to: _formatted_write
         were redirected to: _large_write



                ****************************************
                *                                      *
                *              MODULE MAP              *
                *                                      *
                ****************************************


  DEFINED ABSOLUTE ENTRIES
    *************************************************************************

  DEFINED ABSOLUTE ENTRIES
  PROGRAM MODULE, NAME : ?ABS_ENTRY_MOD

Absolute parts
           ENTRY                   ADDRESS         REF BY
           =====                   =======         ======
           _FAR22_HEAP_SIZE        00000FFF 
           _HUGE_HEAP_SIZE         00000FFF 
           _FAR_HEAP_SIZE          00000FFF 
           _XDATA_HEAP_SIZE        000001FF 
           _XDATA_STACK_SIZE       000002FF 
           _PDATA_STACK_SIZE       00000080 
           _EXTENDED_STACK_SIZE    00000000 
           _EXTENDED_STACK_START   00000000 
           ?ESP_MASK               00000000 
           ?ESP                    00000000 
           _IDATA_STACK_SIZE       00000040 
           _NR_OF_BANKS            00000003 
           _CODEBANK_END           0000FFFF 
           _CODEBANK_START         00008000 
           ?CBANK_MASK             00000030 
           ?CBANK                  000000F0 
           ?DPH1                   000000E5 
           ?DPL1                   000000E4 
           ?PBANK                  000000A0 
           _NR_OF_VIRTUAL_REGISTERS
                                   00000010 
           ?VB                     00000020        ?FUNC_ENTER_XDATA (?FUNC_ENTER_XDATA)
                                                   ?FUNC_LEAVE_XDATA (?FUNC_LEAVE_XDATA)
           _BREG_START             00000000 
           _REGISTER_BANK_START    00000000 
           ?REGISTER_BANK          00000000        Segment part 6 (CSTARTUP)
           _CODE0_END              0000FFFF 
           _CODE0_START            00000000 
           _XDATA0_END             00001FFF 
           _XDATA0_START           00000001 
           _IXDATA0_END            00001FFF 
           _IXDATA0_START          00000001 
           _PDATA0_END             000000FF 
           _PDATA0_START           00000000 
           _IDATA0_END             000000FF 
           _IDATA0_START           00000000 
    *************************************************************************

  FILE NAME : E:\51hei_mcu\自己发布资料\图形\STC8A8K64S4A12\Project\Graphics\Graphics\Obj\clock_plate.r51
  PROGRAM MODULE, NAME : clock_plate

  SEGMENTS IN THE MODULE
  ======================
XDATA_I
  Relative segment, address: XDATA 00000300 - 0000033F (0x40 bytes), align: 0
  Segment part 6.             Intra module refs:   clock_calculate_coordinate
           ENTRY                   ADDRESS         REF BY
           =====                   =======         ======
           angle_tan               00000300 
    -------------------------------------------------------------------------
XDATA_I
  Relative segment, address: XDATA 00000340 - 00000343 (0x4 bytes), align: 0
  Segment part 13.            Intra module refs:   ?Subroutine0 (oled)
                                                   OLED_Clear (oled)
                                                   OLED_Refresh_Display (oled)
                                                   clock_calculate_coordinate
                                                   clock_plate_init
                                                   ds3231_get_time (ds3231)
                                                   hard_i2c_transaction (i2c_hard)
           ENTRY                   ADDRESS         REF BY
           =====                   =======         ======
           __Constant_1            00000340 
    -------------------------------------------------------------------------
XDATA_I
  Relative segment, address: XDATA 00000344 - 00000347 (0x4 bytes), align: 0
  Segment part 15.            Intra module refs:   clock_calculate_coordinate
           ENTRY                   ADDRESS         REF BY
           =====                   =======         ======
           __Constant_461c4000     00000344 
    -------------------------------------------------------------------------
XDATA_I
  Relative segment, address: XDATA 00000348 - 0000034B (0x4 bytes), align: 0
  Segment part 17.            Intra module refs:   ?Subroutine0 (oled)
                                                   OLED_Clear (oled)
                                                   OLED_Refresh_Display (oled)
                                                   Segment part 45 (oled)
                                                   clock_calculate_coordinate
                                                   ds3231_init (ds3231)
           ENTRY                   ADDRESS         REF BY
           =====                   =======         ======
           __Constant_0            00000348 
    -------------------------------------------------------------------------
XDATA_Z
  Relative segment, address: XDATA 0000035E - 0000037D (0x20 bytes), align: 0
  Segment part 8.             Intra module refs:   clock_calculate_coordinate
                                                   clock_get_coordinate
                                                   clock_plate_init
           ENTRY                   ADDRESS         REF BY
           =====                   =======         ======
           second_coordinate       0000035E 
    -------------------------------------------------------------------------
XDATA_Z
  Relative segment, address: XDATA 0000037E - 0000039D (0x20 bytes), align: 0
  Segment part 9.             Intra module refs:   clock_calculate_coordinate
                                                   clock_get_coordinate
           ENTRY                   ADDRESS         REF BY
           =====                   =======         ======
           minute_coordinate       0000037E 
    -------------------------------------------------------------------------
XDATA_Z
  Relative segment, address: XDATA 0000039E - 000003BD (0x20 bytes), align: 0
  Segment part 10.            Intra module refs:   clock_calculate_coordinate
                                                   clock_get_coordinate
           ENTRY                   ADDRESS         REF BY
           =====                   =======         ======
           hour_coordinate         0000039E 
    -------------------------------------------------------------------------
XDATA_Z
  Relative segment, address: XDATA 000003BE - 000003D5 (0x18 bytes), align: 0
  Segment part 11.            Intra module refs:   clock_plate_init
           ENTRY                   ADDRESS         REF BY
           =====                   =======         ======
           scale_coordinate        000003BE 
    -------------------------------------------------------------------------
XDATA_Z
  Relative segment, address: XDATA 000003D6 - 000003D8 (0x3 bytes), align: 0
  Segment part 12.            Intra module refs:   clock_run
           ENTRY                   ADDRESS         REF BY
           =====                   =======         ======
           pre_time                000003D6 
    -------------------------------------------------------------------------
<CODE_C,NEAR_CODE> 1 (was NEAR_CODE)
  Relative segment, address: CODE 000015C3 - 000016E3 (0x121 bytes), align: 0
  Segment part 19.
           ENTRY                   ADDRESS         REF BY
           =====                   =======         ======
           clock_plate_init        000015C3        main (main)
               calls direct
               XSTACK = 00000000 ( 00000017 )
    -------------------------------------------------------------------------
<CODE_C,NEAR_CODE> 1 (was NEAR_CODE)
  Relative segment, address: CODE 000016E4 - 00001722 (0x3f bytes), align: 0
  Segment part 20.
           ENTRY                   ADDRESS         REF BY
           =====                   =======         ======
           clock_run               000016E4        main (main)
               calls direct
               XSTACK = 00000003 ( 00000003 )
               ISTACK = 00000000 ( 00000002 )
    -------------------------------------------------------------------------
<CODE_C,NEAR_CODE> 1 (was NEAR_CODE)
  Relative segment, address: CODE 00001723 - 00001898 (0x176 bytes), align: 0
  Segment part 21.            Intra module refs:   clock_run
           LOCAL                   ADDRESS         
           =====                   =======         
           clock_show_time         00001723 
               calls direct
               XSTACK = 00000003 ( 00000013 )
    -------------------------------------------------------------------------
<CODE_C,NEAR_CODE> 1 (was NEAR_CODE)
  Relative segment, address: CODE 00001899 - 0000189D (0x5 bytes), align: 0
  Segment part 22.            Intra module refs:   clock_get_coordinate
                                                   clock_show_time
           LOCAL                   ADDRESS         
           =====                   =======         
           ?Subroutine0            00001899 
    -------------------------------------------------------------------------
<CODE_C,NEAR_CODE> 1 (was NEAR_CODE)
  Relative segment, address: CODE 0000189E - 000018A6 (0x9 bytes), align: 0
  Segment part 23.            Intra module refs:   clock_show_time
           LOCAL                   ADDRESS         
           =====                   =======         
           ?Subroutine2            0000189E 
    -------------------------------------------------------------------------
<CODE_C,NEAR_CODE> 1 (was NEAR_CODE)
  Relative segment, address: CODE 000018A7 - 00001B22 (0x27c bytes), align: 0
  Segment part 24.            Intra module refs:   clock_plate_init
           LOCAL                   ADDRESS         
           =====                   =======         
           clock_calculate_coordinate
                                   000018A7 
               calls direct
               XSTACK = 0000000F ( 00000031 )
               ISTACK = 00000000 ( 00000001 )
    -------------------------------------------------------------------------
<CODE_C,NEAR_CODE> 1 (was NEAR_CODE)
  Relative segment, address: CODE 00001B23 - 00001B2A (0x8 bytes), align: 0
  Segment part 25.            Intra module refs:   clock_calculate_coordinate
           LOCAL                   ADDRESS         
           =====                   =======         
           ?Subroutine1            00001B23 
    -------------------------------------------------------------------------
<CODE_C,NEAR_CODE> 1 (was NEAR_CODE)
  Relative segment, address: CODE 00001B2B - 00001C30 (0x106 bytes), align: 0
  Segment part 26.            Intra module refs:   clock_show_time
           LOCAL                   ADDRESS         
           =====                   =======         
           clock_get_coordinate    00001B2B 
               XSTACK = 0000000F ( 0000000B )
               ISTACK = 00000000 ( 00000001 )
    -------------------------------------------------------------------------
XDATA_ID
  Relative segment, address: CODE 00000053 - 00000092 (0x40 bytes), align: 0
  Segment part 7.             Intra module refs:   angle_tan
    -------------------------------------------------------------------------
XDATA_ID
  Relative segment, address: CODE 00000093 - 00000096 (0x4 bytes), align: 0
  Segment part 14.            Intra module refs:   __Constant_1
    -------------------------------------------------------------------------
XDATA_ID
  Relative segment, address: CODE 00000097 - 0000009A (0x4 bytes), align: 0
  Segment part 16.            Intra module refs:   __Constant_461c4000
    -------------------------------------------------------------------------
XDATA_ID
  Relative segment, address: CODE 0000009B - 0000009E (0x4 bytes), align: 0
  Segment part 18.            Intra module refs:   __Constant_0

    *************************************************************************

  FILE NAME : E:\51hei_mcu\自己发布资料\图形\STC8A8K64S4A12\Project\Graphics\Graphics\Obj\delay.r51
  PROGRAM MODULE, NAME : delay

  SEGMENTS IN THE MODULE
  ======================
<CODE_C,NEAR_CODE> 1 (was NEAR_CODE)
  Relative segment, address: CODE 00002A62 - 00002A80 (0x1f bytes), align: 0
  Segment part 6.
           ENTRY                   ADDRESS         REF BY
           =====                   =======         ======
           Delay_ms                00002A62        OLED_Init (oled)
                                                   main (main)

    *************************************************************************

  FILE NAME : E:\51hei_mcu\自己发布资料\图形\STC8A8K64S4A12\Project\Graphics\Graphics\Obj\ds3231.r51
  PROGRAM MODULE, NAME : ds3231

  SEGMENTS IN THE MODULE
  ======================
<CODE_C,NEAR_CODE> 1 (was NEAR_CODE)
  Relative segment, address: CODE 00002928 - 0000295B (0x34 bytes), align: 0
  Segment part 20.
           ENTRY                   ADDRESS         REF BY
           =====                   =======         ======
           ds3231_init             00002928        main (main)
               calls direct
               XSTACK = 00000000 ( 0000000A )
               ISTACK = 00000000 ( 00000002 )
    -------------------------------------------------------------------------
<CODE_C,NEAR_CODE> 1 (was NEAR_CODE)
  Relative segment, address: CODE 0000295C - 00002965 (0xa bytes), align: 0
  Segment part 21.            Intra module refs:   ds3231_init
           LOCAL                   ADDRESS         
           =====                   =======         
           ?Subroutine0            0000295C 
    -------------------------------------------------------------------------
<CODE_C,NEAR_CODE> 1 (was NEAR_CODE)
  Relative segment, address: CODE 00002966 - 000029E1 (0x7c bytes), align: 0
  Segment part 22.
           ENTRY                   ADDRESS         REF BY
           =====                   =======         ======
           ds3231_get_time         00002966        main (main)
               calls direct
               XSTACK = 00000000 ( 00000013 )
               ISTACK = 00000000 ( 00000001 )
    -------------------------------------------------------------------------
<CODE_C,NEAR_CODE> 1 (was NEAR_CODE)
  Relative segment, address: CODE 000029E2 - 000029E9 (0x8 bytes), align: 0
  Segment part 23.            Intra module refs:   ds3231_get_time
           LOCAL                   ADDRESS         
           =====                   =======         
           ?Subroutine1            000029E2 
    -------------------------------------------------------------------------
XDATA_ID
  Relative segment, address: CODE 0000009F - 000000A0 (0x2 bytes), align: 0
  Segment part 7.             Intra module refs:   Segment part 6
    -------------------------------------------------------------------------
XDATA_ID
  Relative segment, address: CODE 000000A1 - 000000A4 (0x4 bytes), align: 0
  Segment part 15.            Intra module refs:   __Constant_2
    -------------------------------------------------------------------------
XDATA_ID
  Relative segment, address: CODE 000000A5 - 000000A8 (0x4 bytes), align: 0
  Segment part 19.            Intra module refs:   __Constant_8
    -------------------------------------------------------------------------
XDATA_I
  Relative segment, address: XDATA 0000034C - 0000034D (0x2 bytes), align: 0
  Segment part 6.             Intra module refs:   ds3231_init
    -------------------------------------------------------------------------
XDATA_I
  Relative segment, address: XDATA 0000034E - 00000351 (0x4 bytes), align: 0
  Segment part 14.            Intra module refs:   ds3231_init
           ENTRY                   ADDRESS         REF BY
           =====                   =======         ======
           __Constant_2            0000034E 
    -------------------------------------------------------------------------
XDATA_I
  Relative segment, address: XDATA 00000352 - 00000355 (0x4 bytes), align: 0
  Segment part 18.            Intra module refs:   OLED_GetPixel (oled)
                                                   OLED_SetPixel (oled)
           ENTRY                   ADDRESS         REF BY
           =====                   =======         ======
           __Constant_8            00000352 

    *************************************************************************

  FILE NAME : E:\51hei_mcu\自己发布资料\图形\STC8A8K64S4A12\Project\Graphics\Graphics\Obj\i2c_hard.r51
  PROGRAM MODULE, NAME : i2c_hard

  SEGMENTS IN THE MODULE
  ======================
SFR_AN
  Relative segment, address: DATA 00000090 - 00000090 (0x1 bytes), align: 0
  Segment part 1. ROOT        Intra module refs:   OLED_Clear (oled)
                                                   OLED_Init (oled)
                                                   OLED_Refresh_Display (oled)
                                                   OLED_WR_Byte (oled)
                                                   hard_i2c_ulock
           ENTRY                   ADDRESS         REF BY
           =====                   =======         ======
           _A_P1                   00000090 
           LOCAL                   ADDRESS         
           =====                   =======         
           P1                      00000090 
    -------------------------------------------------------------------------
SFR_AN
  Relative segment, address: DATA 000000BA - 000000BA (0x1 bytes), align: 0
  Segment part 2. ROOT        Intra module refs:   hard_i2c_init
           ENTRY                   ADDRESS         REF BY
           =====                   =======         ======
           _A_P_SW2                000000BA 
           LOCAL                   ADDRESS         
           =====                   =======         
           P_SW2                   000000BA 
    -------------------------------------------------------------------------
XDATA_AN
  Relative segment, address: XDATA 0000FE80 - 0000FE80 (0x1 bytes), align: 0
  Segment part 3. ROOT        Intra module refs:   hard_i2c_init
                                                   hard_i2c_ulock
           ENTRY                   ADDRESS         REF BY
           =====                   =======         ======
           _A_I2CCFG               0000FE80 
           LOCAL                   ADDRESS         
           =====                   =======         
           I2CCFG                  0000FE80 
    -------------------------------------------------------------------------
XDATA_AN
  Relative segment, address: XDATA 0000FE81 - 0000FE81 (0x1 bytes), align: 0
  Segment part 4. ROOT        Intra module refs:   hard_i2c_transaction
           ENTRY                   ADDRESS         REF BY
           =====                   =======         ======
           _A_I2CMSCR              0000FE81 
           LOCAL                   ADDRESS         
           =====                   =======         
           I2CMSCR                 0000FE81 
    -------------------------------------------------------------------------
XDATA_AN
  Relative segment, address: XDATA 0000FE82 - 0000FE82 (0x1 bytes), align: 0
  Segment part 5. ROOT        Intra module refs:   hard_i2c_init
                                                   hard_i2c_transaction
                                                   hard_i2c_wait
           ENTRY                   ADDRESS         REF BY
           =====                   =======         ======
           _A_I2CMSST              0000FE82 
           LOCAL                   ADDRESS         
           =====                   =======         
           I2CMSST                 0000FE82 
    -------------------------------------------------------------------------
XDATA_AN
  Relative segment, address: XDATA 0000FE86 - 0000FE86 (0x1 bytes), align: 0
  Segment part 6. ROOT        Intra module refs:   hard_i2c_transaction
           ENTRY                   ADDRESS         REF BY
           =====                   =======         ======
           _A_I2CTXD               0000FE86 
           LOCAL                   ADDRESS         
           =====                   =======         
           I2CTXD                  0000FE86 
    -------------------------------------------------------------------------
XDATA_AN
  Relative segment, address: XDATA 0000FE87 - 0000FE87 (0x1 bytes), align: 0
  Segment part 7. ROOT        Intra module refs:   hard_i2c_transaction
           ENTRY                   ADDRESS         REF BY
           =====                   =======         ======
           _A_I2CRXD               0000FE87 
           LOCAL                   ADDRESS         
           =====                   =======         
           I2CRXD                  0000FE87 
    -------------------------------------------------------------------------
<CODE_C,NEAR_CODE> 1 (was NEAR_CODE)
  Relative segment, address: CODE 00002695 - 000026BC (0x28 bytes), align: 0
  Segment part 17.            Intra module refs:   hard_i2c_init
           ENTRY                   ADDRESS         REF BY
           =====                   =======         ======
           hard_i2c_ulock          00002695 
               calls direct
               XSTACK = 00000000 ( 00000008 )
    -------------------------------------------------------------------------
<CODE_C,NEAR_CODE> 1 (was NEAR_CODE)
  Relative segment, address: CODE 000026BD - 000026D3 (0x17 bytes), align: 0
  Segment part 18.
           ENTRY                   ADDRESS         REF BY
           =====                   =======         ======
           hard_i2c_init           000026BD        main (main)
               calls direct
               ISTACK = 00000000 ( 00000002 )
    -------------------------------------------------------------------------
<CODE_C,NEAR_CODE> 1 (was NEAR_CODE)
  Relative segment, address: CODE 000026D4 - 000026D9 (0x6 bytes), align: 0
  Segment part 21.            Intra module refs:   hard_i2c_init
           LOCAL                   ADDRESS         
           =====                   =======         
           ?Subroutine0            000026D4 
    -------------------------------------------------------------------------
<CODE_C,NEAR_CODE> 1 (was NEAR_CODE)
  Relative segment, address: CODE 000026DA - 000026DF (0x6 bytes), align: 0
  Segment part 22.            Intra module refs:   ?Subroutine0
                                                   hard_i2c_wait
    -------------------------------------------------------------------------
<CODE_C,NEAR_CODE> 1 (was NEAR_CODE)
  Relative segment, address: CODE 000026E0 - 00002700 (0x21 bytes), align: 0
  Segment part 23.            Intra module refs:   hard_i2c_transaction
           LOCAL                   ADDRESS         
           =====                   =======         
           hard_i2c_wait           000026E0 
               XSTACK = 00000017 ( 00000000 )
               ISTACK = 00000000 ( 00000002 )
    -------------------------------------------------------------------------
<CODE_C,NEAR_CODE> 1 (was NEAR_CODE)
  Relative segment, address: CODE 00002701 - 0000281F (0x11f bytes), align: 0
  Segment part 24.
           ENTRY                   ADDRESS         REF BY
           =====                   =======         ======
           hard_i2c_transaction    00002701        ds3231_get_time (ds3231)
                                                   ds3231_init (ds3231)
               calls direct
               XSTACK = 00000008 ( 00000017 )
               ISTACK = 00000000 ( 00000001 )
    -------------------------------------------------------------------------
<CODE_C,NEAR_CODE> 1 (was NEAR_CODE)
  Relative segment, address: CODE 00002820 - 0000282A (0xb bytes), align: 0
  Segment part 25.            Intra module refs:   hard_i2c_transaction
           LOCAL                   ADDRESS         
           =====                   =======         
           ?Subroutine1            00002820 
    -------------------------------------------------------------------------
<CODE_C,NEAR_CODE> 1 (was NEAR_CODE)
  Relative segment, address: CODE 0000282B - 0000285F (0x35 bytes), align: 0
  Segment part 26.            Intra module refs:   hard_i2c_ulock
           LOCAL                   ADDRESS         
           =====                   =======         
           hard_i2c_delay          0000282B 
               XSTACK = 00000008 ( 00000001 )
               ISTACK = 00000000 ( 00000003 )
    -------------------------------------------------------------------------
XDATA_I
  Relative segment, address: XDATA 00000356 - 00000359 (0x4 bytes), align: 0
  Segment part 13.            Intra module refs:   hard_i2c_transaction
                                                   hard_spi_transaction (spi_hard)
           ENTRY                   ADDRESS         REF BY
           =====                   =======         ======
           __Constant_ffffffff     00000356 
    -------------------------------------------------------------------------
XDATA_ID
  Relative segment, address: CODE 000000A9 - 000000AC (0x4 bytes), align: 0
  Segment part 14.            Intra module refs:   __Constant_ffffffff

    *************************************************************************

  FILE NAME : E:\51hei_mcu\自己发布资料\图形\STC8A8K64S4A12\Project\Graphics\Graphics\Obj\main.r51
  PROGRAM MODULE, NAME : main

  SEGMENTS IN THE MODULE
  ======================
SFR_AN
  Relative segment, address: DATA 00000081 - 00000081 (0x1 bytes), align: 0
  Segment part 1. ROOT        Intra module refs:   main
           ENTRY                   ADDRESS         REF BY
           =====                   =======         ======
           SP                      00000081 
    -------------------------------------------------------------------------
<CODE_C,NEAR_CODE> 1 (was NEAR_CODE)
  Relative segment, address: CODE 000029EA - 00002A61 (0x78 bytes), align: 0
  Segment part 7.
           ENTRY                   ADDRESS         REF BY
           =====                   =======         ======
           main                    000029EA        ?call_main (?cmain)
               calls direct
               XSTACK = 00000000 ( 0000000D )
               ISTACK = 00000000 ( 00000001 )

    *************************************************************************

  FILE NAME : E:\51hei_mcu\自己发布资料\图形\STC8A8K64S4A12\Project\Graphics\Graphics\Obj\oled.r51
  PROGRAM MODULE, NAME : oled

  SEGMENTS IN THE MODULE
  ======================
<CODE_C,NEAR_CODE> 1 (was CODE_C)
  Relative segment, address: CODE 00002221 - 00002694 (0x474 bytes), align: 0
  Segment part 7.             Intra module refs:   OLED_ShowChar
           ENTRY                   ADDRESS         REF BY
           =====                   =======         ======
           asc2_1206               00002221 
    -------------------------------------------------------------------------
<CODE_C,NEAR_CODE> 1 (was CODE_C)
  Relative segment, address: CODE 00001C31 - 00002220 (0x5f0 bytes), align: 0
  Segment part 8.             Intra module refs:   OLED_ShowChar
           ENTRY                   ADDRESS         REF BY
           =====                   =======         ======
           asc2_1608               00001C31 
    -------------------------------------------------------------------------
XDATA_Z
  Relative segment, address: XDATA 000003D9 - 000007D8 (0x400 bytes), align: 0
  Segment part 9.             Intra module refs:   ?Subroutine71
                                                   OLED_Clear_Display
                                                   OLED_Clear_Ram
                                                   OLED_Refresh_Display
                                                   OLED_SetPixel
           ENTRY                   ADDRESS         REF BY
           =====                   =======         ======
           OLED_DISPLAY            000003D9 
    -------------------------------------------------------------------------
<CODE_C,NEAR_CODE> 1 (was NEAR_CODE)
  Relative segment, address: CODE 000008DA - 000008F8 (0x1f bytes), align: 0
  Segment part 36.            Intra module refs:   OLED_Init
                                                   OLED_Refresh_Display
           LOCAL                   ADDRESS         
           =====                   =======         
           OLED_WR_Byte            000008DA 
               calls direct
               XSTACK = 00000001 ( 00000011 )
               ISTACK = 00000000 ( 00000001 )
    -------------------------------------------------------------------------
<CODE_C,NEAR_CODE> 1 (was NEAR_CODE)
  Relative segment, address: CODE 000008F9 - 0000091B (0x23 bytes), align: 0
  Segment part 37.            Intra module refs:   OLED_WR_Byte
           LOCAL                   ADDRESS         
           =====                   =======         
           ?Subroutine0            000008F9 
    -------------------------------------------------------------------------
<CODE_C,NEAR_CODE> 1 (was NEAR_CODE)
  Relative segment, address: CODE 0000091C - 00000925 (0xa bytes), align: 0
  Segment part 38.            Intra module refs:   ?Subroutine0
                                                   OLED_Clear
    -------------------------------------------------------------------------
<CODE_C,NEAR_CODE> 1 (was NEAR_CODE)
  Relative segment, address: CODE 00000926 - 00000A13 (0xee bytes), align: 0
  Segment part 39.
           ENTRY                   ADDRESS         REF BY
           =====                   =======         ======
           OLED_Init               00000926        main (main)
               calls direct
    -------------------------------------------------------------------------
<CODE_C,NEAR_CODE> 1 (was NEAR_CODE)
  Relative segment, address: CODE 00000A14 - 00000ACC (0xb9 bytes), align: 0
  Segment part 41.            Intra module refs:   OLED_Init
           ENTRY                   ADDRESS         REF BY
           =====                   =======         ======
           OLED_Clear              00000A14 
               calls direct
               XSTACK = 00000000 ( 00000011 )
               ISTACK = 00000000 ( 00000001 )
    -------------------------------------------------------------------------
<CODE_C,NEAR_CODE> 1 (was NEAR_CODE)
  Relative segment, address: CODE 00000ACD - 00000AD8 (0xc bytes), align: 0
  Segment part 44.            Intra module refs:   OLED_Clear
                                                   OLED_Refresh_Display
           LOCAL                   ADDRESS         
           =====                   =======         
           ?Subroutine3            00000ACD 
    -------------------------------------------------------------------------
<CODE_C,NEAR_CODE> 1 (was NEAR_CODE)
  Relative segment, address: CODE 00000AD9 - 00000AE1 (0x9 bytes), align: 0
  Segment part 45.            Intra module refs:   ?Subroutine3
                                                   OLED_Clear
                                                   OLED_Refresh_Display
    -------------------------------------------------------------------------
<CODE_C,NEAR_CODE> 1 (was NEAR_CODE)
  Relative segment, address: CODE 00000AE2 - 00000B66 (0x85 bytes), align: 0
  Segment part 46.            Intra module refs:   OLED_DrawCircle
                                                   OLED_DrawLine
           ENTRY                   ADDRESS         REF BY
           =====                   =======         ======
           OLED_SetPixel           00000AE2        clock_plate_init (clock_plate)
               XSTACK = 0000003C ( 00000017 )
               ISTACK = 00000000 ( 00000002 )
    -------------------------------------------------------------------------
<CODE_C,NEAR_CODE> 1 (was NEAR_CODE)
  Relative segment, address: CODE 00000B67 - 00000BD4 (0x6e bytes), align: 0
  Segment part 47.
           ENTRY                   ADDRESS         REF BY
           =====                   =======         ======
           OLED_GetPixel           00000B67        clock_calculate_coordinate (clock_plate)
               XSTACK = 00000004 ( 00000017 )
               ISTACK = 00000000 ( 00000002 )
    -------------------------------------------------------------------------
<CODE_C,NEAR_CODE> 1 (was NEAR_CODE)
  Relative segment, address: CODE 00000BD5 - 00000BE5 (0x11 bytes), align: 0
  Segment part 50.            Intra module refs:   OLED_Refresh_Display
    -------------------------------------------------------------------------
<CODE_C,NEAR_CODE> 1 (was NEAR_CODE)
  Relative segment, address: CODE 00000BE6 - 00000BEA (0x5 bytes), align: 0
  Segment part 51.            Intra module refs:   OLED_Clear_Display
                                                   OLED_Clear_Ram
                                                   Segment part 50
    -------------------------------------------------------------------------
<CODE_C,NEAR_CODE> 1 (was NEAR_CODE)
  Relative segment, address: CODE 00000BEB - 00000C5A (0x70 bytes), align: 0
  Segment part 52.            Intra module refs:   OLED_Clear_Display
           ENTRY                   ADDRESS         REF BY
           =====                   =======         ======
           OLED_Refresh_Display    00000BEB        main (main)
               calls direct
               XSTACK = 00000000 ( 00000009 )
               ISTACK = 00000000 ( 00000002 )
    -------------------------------------------------------------------------
<CODE_C,NEAR_CODE> 1 (was NEAR_CODE)
  Relative segment, address: CODE 00000C5B - 00000C71 (0x17 bytes), align: 0
  Segment part 53.
           ENTRY                   ADDRESS         REF BY
           =====                   =======         ======
           OLED_Clear_Display      00000C5B        main (main)
               calls direct
               ISTACK = 00000000 ( 00000002 )
    -------------------------------------------------------------------------
<CODE_C,NEAR_CODE> 1 (was NEAR_CODE)
  Relative segment, address: CODE 00000C72 - 00000C85 (0x14 bytes), align: 0
  Segment part 54.
           ENTRY                   ADDRESS         REF BY
           =====                   =======         ======
           OLED_Clear_Ram          00000C72        clock_calculate_coordinate (clock_plate)
               ISTACK = 00000000 ( 00000002 )
    -------------------------------------------------------------------------
<CODE_C,NEAR_CODE> 1 (was NEAR_CODE)
  Relative segment, address: CODE 00000C86 - 00000E0A (0x185 bytes), align: 0
  Segment part 56.
           ENTRY                   ADDRESS         REF BY
           =====                   =======         ======
           OLED_ShowChar           00000C86        clock_show_time (clock_plate)
               XSTACK = 0000001C ( 00000025 )
               ISTACK = 00000000 ( 00000001 )
    -------------------------------------------------------------------------
<CODE_C,NEAR_CODE> 1 (was NEAR_CODE)
  Relative segment, address: CODE 00000E0B - 00000E24 (0x1a bytes), align: 0
  Segment part 57.            Intra module refs:   OLED_ShowChar
           LOCAL                   ADDRESS         
           =====                   =======         
           ?Subroutine54           00000E0B 
    -------------------------------------------------------------------------
<CODE_C,NEAR_CODE> 1 (was NEAR_CODE)
  Relative segment, address: CODE 00000E25 - 00000E31 (0xd bytes), align: 0
  Segment part 58.            Intra module refs:   OLED_ShowChar
           LOCAL                   ADDRESS         
           =====                   =======         
           ?Subroutine50           00000E25 
    -------------------------------------------------------------------------
<CODE_C,NEAR_CODE> 1 (was NEAR_CODE)
  Relative segment, address: CODE 00000E32 - 00000E40 (0xf bytes), align: 0
  Segment part 59.            Intra module refs:   OLED_ShowChar
           LOCAL                   ADDRESS         
           =====                   =======         
           ?Subroutine49           00000E32 
    -------------------------------------------------------------------------
<CODE_C,NEAR_CODE> 1 (was NEAR_CODE)
  Relative segment, address: CODE 00000E41 - 00000E4C (0xc bytes), align: 0
  Segment part 60.            Intra module refs:   ?Subroutine49
                                                   OLED_GetPixel
           LOCAL                   ADDRESS         
           =====                   =======         
           ?Subroutine71           00000E41 
    -------------------------------------------------------------------------
<CODE_C,NEAR_CODE> 1 (was NEAR_CODE)
  Relative segment, address: CODE 00000E4D - 00000E50 (0x4 bytes), align: 0
  Segment part 61.            Intra module refs:   OLED_ShowChar
           LOCAL                   ADDRESS         
           =====                   =======         
           ?Subroutine32           00000E4D 
    -------------------------------------------------------------------------
<CODE_C,NEAR_CODE> 1 (was NEAR_CODE)
  Relative segment, address: CODE 00000E51 - 00000E5B (0xb bytes), align: 0
  Segment part 62.            Intra module refs:   ?Subroutine17
                                                   ?Subroutine32
           LOCAL                   ADDRESS         
           =====                   =======         
           ?Subroutine68           00000E51 
    -------------------------------------------------------------------------
<CODE_C,NEAR_CODE> 1 (was NEAR_CODE)
  Relative segment, address: CODE 00000E5C - 00000E64 (0x9 bytes), align: 0
  Segment part 63.            Intra module refs:   OLED_ShowChar
           LOCAL                   ADDRESS         
           =====                   =======         
           ?Subroutine20           00000E5C 
    -------------------------------------------------------------------------
<CODE_C,NEAR_CODE> 1 (was NEAR_CODE)
  Relative segment, address: CODE 00000E65 - 00000FDA (0x176 bytes), align: 0
  Segment part 68.            Intra module refs:   OLED_DrawCircle
           ENTRY                   ADDRESS         REF BY
           =====                   =======         ======
           OLED_DrawLine           00000E65        clock_show_time (clock_plate)
               calls direct
               XSTACK = 00000036 ( 0000002A )
               ISTACK = 00000000 ( 00000002 )
    -------------------------------------------------------------------------
<CODE_C,NEAR_CODE> 1 (was NEAR_CODE)
  Relative segment, address: CODE 00000FDB - 00000FDD (0x3 bytes), align: 0
  Segment part 69.            Intra module refs:   OLED_DrawLine
           LOCAL                   ADDRESS         
           =====                   =======         
           ?Subroutine58           00000FDB 
    -------------------------------------------------------------------------
<CODE_C,NEAR_CODE> 1 (was NEAR_CODE)
  Relative segment, address: CODE 00000FDE - 00000FE1 (0x4 bytes), align: 0
  Segment part 70.            Intra module refs:   ?Subroutine58
                                                   OLED_DrawCircle
    -------------------------------------------------------------------------
<CODE_C,NEAR_CODE> 1 (was NEAR_CODE)
  Relative segment, address: CODE 00000FE2 - 00000FE8 (0x7 bytes), align: 0
  Segment part 71.            Intra module refs:   OLED_DrawLine
           LOCAL                   ADDRESS         
           =====                   =======         
           ?Subroutine38           00000FE2 
    -------------------------------------------------------------------------
<CODE_C,NEAR_CODE> 1 (was NEAR_CODE)
  Relative segment, address: CODE 00000FE9 - 00000FF4 (0xc bytes), align: 0
  Segment part 72.            Intra module refs:   OLED_DrawLine
           LOCAL                   ADDRESS         
           =====                   =======         
           ?Subroutine36           00000FE9 
    -------------------------------------------------------------------------
<CODE_C,NEAR_CODE> 1 (was NEAR_CODE)
  Relative segment, address: CODE 00000FF5 - 00001001 (0xd bytes), align: 0
  Segment part 74.            Intra module refs:   OLED_DrawLine
           LOCAL                   ADDRESS         
           =====                   =======         
           ?Subroutine64           00000FF5 
    -------------------------------------------------------------------------
<CODE_C,NEAR_CODE> 1 (was NEAR_CODE)
  Relative segment, address: CODE 00001002 - 0000100A (0x9 bytes), align: 0
  Segment part 75.            Intra module refs:   OLED_DrawLine
           LOCAL                   ADDRESS         
           =====                   =======         
           ?Subroutine57           00001002 
    -------------------------------------------------------------------------
<CODE_C,NEAR_CODE> 1 (was NEAR_CODE)
  Relative segment, address: CODE 0000100B - 00001015 (0xb bytes), align: 0
  Segment part 76.            Intra module refs:   OLED_DrawLine
           LOCAL                   ADDRESS         
           =====                   =======         
           ?Subroutine56           0000100B 
    -------------------------------------------------------------------------
<CODE_C,NEAR_CODE> 1 (was NEAR_CODE)
  Relative segment, address: CODE 00001016 - 0000101D (0x8 bytes), align: 0
  Segment part 77.            Intra module refs:   ?Subroutine24
                                                   ?Subroutine56
                                                   ?Subroutine57
                                                   OLED_DrawCircle
           LOCAL                   ADDRESS         
           =====                   =======         
           ?Subroutine77           00001016 
    -------------------------------------------------------------------------
<CODE_C,NEAR_CODE> 1 (was NEAR_CODE)
  Relative segment, address: CODE 0000101E - 00001026 (0x9 bytes), align: 0
  Segment part 78.            Intra module refs:   OLED_DrawLine
           LOCAL                   ADDRESS         
           =====                   =======         
           ?Subroutine42           0000101E 
    -------------------------------------------------------------------------
<CODE_C,NEAR_CODE> 1 (was NEAR_CODE)
  Relative segment, address: CODE 00001027 - 00001030 (0xa bytes), align: 0
  Segment part 80.            Intra module refs:   OLED_DrawLine
           LOCAL                   ADDRESS         
           =====                   =======         
           ?Subroutine39           00001027 
    -------------------------------------------------------------------------
<CODE_C,NEAR_CODE> 1 (was NEAR_CODE)
  Relative segment, address: CODE 00001031 - 0000103B (0xb bytes), align: 0
  Segment part 81.            Intra module refs:   OLED_DrawLine
           LOCAL                   ADDRESS         
           =====                   =======         
           ?Subroutine33           00001031 
    -------------------------------------------------------------------------
<CODE_C,NEAR_CODE> 1 (was NEAR_CODE)
  Relative segment, address: CODE 0000103C - 00001047 (0xc bytes), align: 0
  Segment part 82.            Intra module refs:   OLED_DrawLine
           LOCAL                   ADDRESS         
           =====                   =======         
           ?Subroutine31           0000103C 
    -------------------------------------------------------------------------
<CODE_C,NEAR_CODE> 1 (was NEAR_CODE)
  Relative segment, address: CODE 00001048 - 00001053 (0xc bytes), align: 0
  Segment part 83.            Intra module refs:   OLED_DrawLine
           LOCAL                   ADDRESS         
           =====                   =======         
           ?Subroutine24           00001048 
    -------------------------------------------------------------------------
<CODE_C,NEAR_CODE> 1 (was NEAR_CODE)
  Relative segment, address: CODE 00001054 - 00001064 (0x11 bytes), align: 0
  Segment part 85.            Intra module refs:   OLED_DrawLine
           LOCAL                   ADDRESS         
           =====                   =======         
           ?Subroutine7            00001054 
    -------------------------------------------------------------------------
<CODE_C,NEAR_CODE> 1 (was NEAR_CODE)
  Relative segment, address: CODE 00001065 - 00001077 (0x13 bytes), align: 0
  Segment part 86.            Intra module refs:   OLED_DrawLine
           LOCAL                   ADDRESS         
           =====                   =======         
           ?Subroutine6            00001065 
    -------------------------------------------------------------------------
<CODE_C,NEAR_CODE> 1 (was NEAR_CODE)
  Relative segment, address: CODE 00001078 - 000014CC (0x455 bytes), align: 0
  Segment part 87.
           ENTRY                   ADDRESS         REF BY
           =====                   =======         ======
           OLED_DrawCircle         00001078        clock_calculate_coordinate (clock_plate)
                                                   clock_show_time (clock_plate)
               calls direct
               XSTACK = 00000000 ( 00000038 )
               ISTACK = 00000000 ( 00000002 )
    -------------------------------------------------------------------------
<CODE_C,NEAR_CODE> 1 (was NEAR_CODE)
  Relative segment, address: CODE 000014CD - 000014D2 (0x6 bytes), align: 0
  Segment part 88.            Intra module refs:   OLED_DrawCircle
           LOCAL                   ADDRESS         
           =====                   =======         
           ?Subroutine47           000014CD 
    -------------------------------------------------------------------------
<CODE_C,NEAR_CODE> 1 (was NEAR_CODE)
  Relative segment, address: CODE 000014D3 - 000014D9 (0x7 bytes), align: 0
  Segment part 89.            Intra module refs:   ?Subroutine47
                                                   OLED_DrawCircle
           LOCAL                   ADDRESS         
           =====                   =======         
           ?Subroutine72           000014D3 
    -------------------------------------------------------------------------
<CODE_C,NEAR_CODE> 1 (was NEAR_CODE)
  Relative segment, address: CODE 000014DA - 000014E2 (0x9 bytes), align: 0
  Segment part 90.            Intra module refs:   OLED_DrawCircle
           LOCAL                   ADDRESS         
           =====                   =======         
           ?Subroutine45           000014DA 
    -------------------------------------------------------------------------
<CODE_C,NEAR_CODE> 1 (was NEAR_CODE)
  Relative segment, address: CODE 000014E3 - 000014F3 (0x11 bytes), align: 0
  Segment part 91.            Intra module refs:   OLED_DrawCircle
           LOCAL                   ADDRESS         
           =====                   =======         
           ?Subroutine34           000014E3 
    -------------------------------------------------------------------------
<CODE_C,NEAR_CODE> 1 (was NEAR_CODE)
  Relative segment, address: CODE 000014F4 - 000014F9 (0x6 bytes), align: 0
  Segment part 92.            Intra module refs:   OLED_DrawCircle
           LOCAL                   ADDRESS         
           =====                   =======         
           ?Subroutine29           000014F4 
    -------------------------------------------------------------------------
<CODE_C,NEAR_CODE> 1 (was NEAR_CODE)
  Relative segment, address: CODE 000014FA - 00001504 (0xb bytes), align: 0
  Segment part 93.            Intra module refs:   OLED_DrawCircle
           LOCAL                   ADDRESS         
           =====                   =======         
           ?Subroutine23           000014FA 
    -------------------------------------------------------------------------
<CODE_C,NEAR_CODE> 1 (was NEAR_CODE)
  Relative segment, address: CODE 00001505 - 00001507 (0x3 bytes), align: 0
  Segment part 94.            Intra module refs:   OLED_DrawCircle
           LOCAL                   ADDRESS         
           =====                   =======         
           ?Subroutine8            00001505 
    -------------------------------------------------------------------------
<CODE_C,NEAR_CODE> 1 (was NEAR_CODE)
  Relative segment, address: CODE 00001508 - 0000150E (0x7 bytes), align: 0
  Segment part 95.            Intra module refs:   ?Subroutine8
    -------------------------------------------------------------------------
<CODE_C,NEAR_CODE> 1 (was NEAR_CODE)
  Relative segment, address: CODE 0000150F - 00001517 (0x9 bytes), align: 0
  Segment part 96.            Intra module refs:   OLED_DrawCircle
                                                   OLED_ShowChar
           LOCAL                   ADDRESS         
           =====                   =======         
           ?Subroutine5            0000150F 
    -------------------------------------------------------------------------
<CODE_C,NEAR_CODE> 1 (was NEAR_CODE)
  Relative segment, address: CODE 00001518 - 0000151A (0x3 bytes), align: 0
  Segment part 98.            Intra module refs:   OLED_DrawCircle
                                                   OLED_DrawLine
                                                   OLED_ShowChar
    -------------------------------------------------------------------------
<CODE_C,NEAR_CODE> 1 (was NEAR_CODE)
  Relative segment, address: CODE 0000151B - 0000151F (0x5 bytes), align: 0
  Segment part 99.            Intra module refs:   OLED_GetPixel
                                                   OLED_SetPixel
                                                   Segment part 98
    -------------------------------------------------------------------------
<CODE_C,NEAR_CODE> 1 (was NEAR_CODE)
  Relative segment, address: CODE 00001520 - 00001525 (0x6 bytes), align: 0
  Segment part 101.           Intra module refs:   OLED_DrawCircle
           LOCAL                   ADDRESS         
           =====                   =======         
           ?Subroutine17           00001520 
    -------------------------------------------------------------------------
<CODE_C,NEAR_CODE> 1 (was NEAR_CODE)
  Relative segment, address: CODE 00001526 - 00001529 (0x4 bytes), align: 0
  Segment part 105.           Intra module refs:   OLED_DrawLine
           LOCAL                   ADDRESS         
           =====                   =======         
           ?Subroutine53           00001526 
    -------------------------------------------------------------------------
<CODE_C,NEAR_CODE> 1 (was NEAR_CODE)
  Relative segment, address: CODE 0000152A - 0000152D (0x4 bytes), align: 0
  Segment part 107.           Intra module refs:   OLED_DrawCircle
           LOCAL                   ADDRESS         
           =====                   =======         
           ?Subroutine46           0000152A 
    -------------------------------------------------------------------------
<CODE_C,NEAR_CODE> 1 (was NEAR_CODE)
  Relative segment, address: CODE 0000152E - 00001536 (0x9 bytes), align: 0
  Segment part 108.           Intra module refs:   ?Subroutine46
                                                   ?Subroutine69
           LOCAL                   ADDRESS         
           =====                   =======         
           ?Subroutine79           0000152E 
    -------------------------------------------------------------------------
<CODE_C,NEAR_CODE> 1 (was NEAR_CODE)
  Relative segment, address: CODE 00001537 - 0000153C (0x6 bytes), align: 0
  Segment part 109.           Intra module refs:   OLED_DrawLine
           LOCAL                   ADDRESS         
           =====                   =======         
           ?Subroutine44           00001537 
    -------------------------------------------------------------------------
<CODE_C,NEAR_CODE> 1 (was NEAR_CODE)
  Relative segment, address: CODE 0000153D - 00001540 (0x4 bytes), align: 0
  Segment part 110.           Intra module refs:   ?Subroutine44
                                                   OLED_DrawCircle
                                                   OLED_DrawLine
    -------------------------------------------------------------------------
<CODE_C,NEAR_CODE> 1 (was NEAR_CODE)
  Relative segment, address: CODE 00001541 - 00001546 (0x6 bytes), align: 0
  Segment part 111.           Intra module refs:   ?Subroutine20
                                                   ?Subroutine67
                                                   Segment part 110
           LOCAL                   ADDRESS         
           =====                   =======         
           ?Subroutine78           00001541 
    -------------------------------------------------------------------------
<CODE_C,NEAR_CODE> 1 (was NEAR_CODE)
  Relative segment, address: CODE 00001547 - 0000154C (0x6 bytes), align: 0
  Segment part 114.           Intra module refs:   OLED_DrawCircle
           LOCAL                   ADDRESS         
           =====                   =======         
           ?Subroutine37           00001547 
    -------------------------------------------------------------------------
<CODE_C,NEAR_CODE> 1 (was NEAR_CODE)
  Relative segment, address: CODE 0000154D - 00001551 (0x5 bytes), align: 0
  Segment part 116.           Intra module refs:   ?Subroutine29
           LOCAL                   ADDRESS         
           =====                   =======         
           ?Subroutine69           0000154D 
    -------------------------------------------------------------------------
<CODE_C,NEAR_CODE> 1 (was NEAR_CODE)
  Relative segment, address: CODE 00001552 - 0000155D (0xc bytes), align: 0
  Segment part 117.           Intra module refs:   OLED_DrawLine
           LOCAL                   ADDRESS         
           =====                   =======         
           ?Subroutine30           00001552 
    -------------------------------------------------------------------------
<CODE_C,NEAR_CODE> 1 (was NEAR_CODE)
  Relative segment, address: CODE 0000155E - 00001561 (0x4 bytes), align: 0
  Segment part 119.           Intra module refs:   OLED_DrawCircle
    -------------------------------------------------------------------------
<CODE_C,NEAR_CODE> 1 (was NEAR_CODE)
  Relative segment, address: CODE 00001562 - 0000156B (0xa bytes), align: 0
  Segment part 120.           Intra module refs:   Segment part 119
           LOCAL                   ADDRESS         
           =====                   =======         
           ?Subroutine67           00001562 
    -------------------------------------------------------------------------
<CODE_C,NEAR_CODE> 1 (was NEAR_CODE)
  Relative segment, address: CODE 0000156C - 00001574 (0x9 bytes), align: 0
  Segment part 122.           Intra module refs:   OLED_DrawCircle
           LOCAL                   ADDRESS         
           =====                   =======         
           ?Subroutine26           0000156C 
    -------------------------------------------------------------------------
<CODE_C,NEAR_CODE> 1 (was NEAR_CODE)
  Relative segment, address: CODE 00001575 - 0000157E (0xa bytes), align: 0
  Segment part 123.           Intra module refs:   ?Subroutine26
           LOCAL                   ADDRESS         
           =====                   =======         
           ?Subroutine75           00001575 
    -------------------------------------------------------------------------
<CODE_C,NEAR_CODE> 1 (was NEAR_CODE)
  Relative segment, address: CODE 0000157F - 00001587 (0x9 bytes), align: 0
  Segment part 124.           Intra module refs:   OLED_DrawCircle
           LOCAL                   ADDRESS         
           =====                   =======         
           ?Subroutine25           0000157F 
    -------------------------------------------------------------------------
<CODE_C,NEAR_CODE> 1 (was NEAR_CODE)
  Relative segment, address: CODE 00001588 - 00001591 (0xa bytes), align: 0
  Segment part 125.           Intra module refs:   ?Subroutine25
           LOCAL                   ADDRESS         
           =====                   =======         
           ?Subroutine74           00001588 
    -------------------------------------------------------------------------
<CODE_C,NEAR_CODE> 1 (was NEAR_CODE)
  Relative segment, address: CODE 00001592 - 0000159D (0xc bytes), align: 0
  Segment part 131.           Intra module refs:   ?Subroutine53
           LOCAL                   ADDRESS         
           =====                   =======         
           ?Subroutine76           00001592 
    -------------------------------------------------------------------------
<CODE_C,NEAR_CODE> 1 (was NEAR_CODE)
  Relative segment, address: CODE 0000159E - 000015A3 (0x6 bytes), align: 0
  Segment part 132.           Intra module refs:   OLED_DrawCircle
           LOCAL                   ADDRESS         
           =====                   =======         
           ?Subroutine9            0000159E 
    -------------------------------------------------------------------------
<CODE_C,NEAR_CODE> 1 (was NEAR_CODE)
  Relative segment, address: CODE 000015A4 - 000015A6 (0x3 bytes), align: 0
  Segment part 136.           Intra module refs:   OLED_DrawCircle
           LOCAL                   ADDRESS         
           =====                   =======         
           ?Subroutine59           000015A4 
    -------------------------------------------------------------------------
<CODE_C,NEAR_CODE> 1 (was NEAR_CODE)
  Relative segment, address: CODE 000015A7 - 000015AD (0x7 bytes), align: 0
  Segment part 137.           Intra module refs:   ?Subroutine59
                                                   OLED_DrawLine
    -------------------------------------------------------------------------
<CODE_C,NEAR_CODE> 1 (was NEAR_CODE)
  Relative segment, address: CODE 000015AE - 000015B0 (0x3 bytes), align: 0
  Segment part 144.           Intra module refs:   ?Subroutine23
           LOCAL                   ADDRESS         
           =====                   =======         
           ?Subroutine73           000015AE 
    -------------------------------------------------------------------------
<CODE_C,NEAR_CODE> 1 (was NEAR_CODE)
  Relative segment, address: CODE 000015B1 - 000015B7 (0x7 bytes), align: 0
  Segment part 145.           Intra module refs:   ?Subroutine73
                                                   Segment part 70
    -------------------------------------------------------------------------
<CODE_C,NEAR_CODE> 1 (was NEAR_CODE)
  Relative segment, address: CODE 000015B8 - 000015C2 (0xb bytes), align: 0
  Segment part 150.           Intra module refs:   OLED_DrawCircle
           LOCAL                   ADDRESS         
           =====                   =======         
           ?Subroutine52           000015B8 
    -------------------------------------------------------------------------
XDATA_I
  Relative segment, address: XDATA 0000035A - 0000035D (0x4 bytes), align: 0
  Segment part 16.            Intra module refs:   OLED_Refresh_Display
           ENTRY                   ADDRESS         REF BY
           =====                   =======         ======
           __Constant_400          0000035A 
    -------------------------------------------------------------------------
XDATA_ID
  Relative segment, address: CODE 000000AD - 000000B0 (0x4 bytes), align: 0
  Segment part 17.            Intra module refs:   __Constant_400

    *************************************************************************

  FILE NAME : E:\51hei_mcu\自己发布资料\图形\STC8A8K64S4A12\Project\Graphics\Graphics\Obj\spi_hard.r51
  PROGRAM MODULE, NAME : spi_hard

  SEGMENTS IN THE MODULE
  ======================
SFR_AN
  Relative segment, address: DATA 000000A2 - 000000A2 (0x1 bytes), align: 0
  Segment part 1. ROOT        Intra module refs:   hard_spi_init
           ENTRY                   ADDRESS         REF BY
           =====                   =======         ======
           P_SW1                   000000A2 
    -------------------------------------------------------------------------
SFR_AN
  Relative segment, address: DATA 000000CD - 000000CD (0x1 bytes), align: 0
  Segment part 2. ROOT        Intra module refs:   hard_spi_init
                                                   hard_spi_transaction
           ENTRY                   ADDRESS         REF BY
           =====                   =======         ======
           _A_SPSTAT               000000CD 
           LOCAL                   ADDRESS         
           =====                   =======         
           SPSTAT                  000000CD 
    -------------------------------------------------------------------------
SFR_AN
  Relative segment, address: DATA 000000CE - 000000CE (0x1 bytes), align: 0
  Segment part 3. ROOT        Intra module refs:   hard_spi_init
                                                   set_hard_spi_speed
           ENTRY                   ADDRESS         REF BY
           =====                   =======         ======
           _A_SPCTL                000000CE 
           LOCAL                   ADDRESS         
           =====                   =======         
           SPCTL                   000000CE 
    -------------------------------------------------------------------------
SFR_AN
  Relative segment, address: DATA 000000CF - 000000CF (0x1 bytes), align: 0
  Segment part 4. ROOT        Intra module refs:   hard_spi_transaction
           ENTRY                   ADDRESS         REF BY
           =====                   =======         ======
           SPDAT                   000000CF 
    -------------------------------------------------------------------------
<CODE_C,NEAR_CODE> 1 (was NEAR_CODE)
  Relative segment, address: CODE 00002860 - 00002881 (0x22 bytes), align: 0
  Segment part 12.
           ENTRY                   ADDRESS         REF BY
           =====                   =======         ======
           hard_spi_init           00002860        main (main)
    -------------------------------------------------------------------------
<CODE_C,NEAR_CODE> 1 (was NEAR_CODE)
  Relative segment, address: CODE 00002882 - 0000288A (0x9 bytes), align: 0
  Segment part 13.
           ENTRY                   ADDRESS         REF BY
           =====                   =======         ======
           set_hard_spi_speed      00002882        OLED_Init (oled)
    -------------------------------------------------------------------------
<CODE_C,NEAR_CODE> 1 (was NEAR_CODE)
  Relative segment, address: CODE 0000288B - 00002927 (0x9d bytes), align: 0
  Segment part 16.
           ENTRY                   ADDRESS         REF BY
           =====                   =======         ======
           hard_spi_transaction    0000288B        ?Subroutine0 (oled)
                                                   OLED_Clear (oled)
                                                   OLED_Refresh_Display (oled)
                                                   Segment part 50 (oled)
               XSTACK = 00000008 ( 0000000F )
               ISTACK = 00000000 ( 00000001 )

    *************************************************************************

  FILE NAME : E:\51hei_mcu\自己发布资料\图形\STC8A8K64S4A12\Project\Graphics\Graphics\Obj\uart.r51
  PROGRAM MODULE, NAME : uart

  SEGMENTS IN THE MODULE
  ======================
SFR_AN
  Relative segment, address: DATA 0000008E - 0000008E (0x1 bytes), align: 0
  Segment part 1. ROOT 
           ENTRY                   ADDRESS         REF BY
           =====                   =======         ======
           _A_AUXR                 0000008E 
           LOCAL                   ADDRESS         
           =====                   =======         
           AUXR                    0000008E 
    -------------------------------------------------------------------------
SFR_AN
  Relative segment, address: DATA 000000A8 - 000000A8 (0x1 bytes), align: 0
  Segment part 2. ROOT 
           ENTRY                   ADDRESS         REF BY
           =====                   =======         ======
           _A_IE                   000000A8 
           LOCAL                   ADDRESS         
           =====                   =======         
           IE                      000000A8 
    -------------------------------------------------------------------------
SFR_AN
  Relative segment, address: DATA 00000088 - 00000088 (0x1 bytes), align: 0
  Segment part 3. ROOT 
           ENTRY                   ADDRESS         REF BY
           =====                   =======         ======
           _A_TCON                 00000088 
           LOCAL                   ADDRESS         
           =====                   =======         
           TCON                    00000088 
    -------------------------------------------------------------------------
SFR_AN
  Relative segment, address: DATA 00000089 - 00000089 (0x1 bytes), align: 0
  Segment part 4. ROOT 
           ENTRY                   ADDRESS         REF BY
           =====                   =======         ======
           _A_TMOD                 00000089 
           LOCAL                   ADDRESS         
           =====                   =======         
           TMOD                    00000089 
    -------------------------------------------------------------------------
SFR_AN
  Relative segment, address: DATA 0000008B - 0000008B (0x1 bytes), align: 0
  Segment part 5. ROOT 
           ENTRY                   ADDRESS         REF BY
           =====                   =======         ======
           TL1                     0000008B 
    -------------------------------------------------------------------------
SFR_AN
  Relative segment, address: DATA 0000008D - 0000008D (0x1 bytes), align: 0
  Segment part 6. ROOT 
           ENTRY                   ADDRESS         REF BY
           =====                   =======         ======
           TH1                     0000008D 
    -------------------------------------------------------------------------
SFR_AN
  Relative segment, address: DATA 00000098 - 00000098 (0x1 bytes), align: 0
  Segment part 7. ROOT 
           ENTRY                   ADDRESS         REF BY
           =====                   =======         ======
           _A_SCON                 00000098 
           LOCAL                   ADDRESS         
           =====                   =======         
           SCON                    00000098 
    -------------------------------------------------------------------------
SFR_AN
  Relative segment, address: DATA 00000099 - 00000099 (0x1 bytes), align: 0
  Segment part 8. ROOT 
           ENTRY                   ADDRESS         REF BY
           =====                   =======         ======
           SBUF                    00000099 

    *************************************************************************

  FILE NAME : D:\IAR_8051_10\8051\LIB\CLIB\cl-pli-nlxd-1e16x01.r51
  LIBRARY MODULE, NAME : ?cexit

  SEGMENTS IN THE MODULE
  ======================
CSTART
  Relative segment, address: CODE 00000003 - 00000007 (0x5 bytes), align: 0
  Segment part 0.
           ENTRY                   ADDRESS         REF BY
           =====                   =======         ======
           exit                    00000003        ?call_main (?cmain)
           ?C_EXIT                 00000003 
           ?ROM_MONITOR_NOPS       00000003 

    -------------------------------------------------------------------------
  LIBRARY MODULE, NAME : ?cmain

  SEGMENTS IN THE MODULE
  ======================
CSTART
  Relative segment, address: CODE 00000008, align: 0
  Segment part 5.
           ENTRY                   ADDRESS         REF BY
           =====                   =======         ======
           ?cmain                  00000008        Segment part 13 (CSTARTUP)
               calls direct
[...]

    -------------------------------------------------------------------------
  LIBRARY MODULE, NAME : ?XLOAD_R0123

  SEGMENTS IN THE MODULE
  ======================
RCODE
  Relative segment, address: CODE 0000071F - 0000072A (0xc bytes), align: 0
  Segment part 0.
           ENTRY                   ADDRESS         REF BY
           =====                   =======         ======
           ?XLOAD_R0123            0000071F        OLED_ShowChar (oled)

    -------------------------------------------------------------------------
  LIBRARY MODULE, NAME : ?XSTORE_R0123

  SEGMENTS IN THE MODULE
  ======================
RCODE
  Relative segment, address: CODE 0000072B - 00000736 (0xc bytes), align: 0
  Segment part 0.
           ENTRY                   ADDRESS         REF BY
           =====                   =======         ======
           ?XSTORE_R0123           0000072B        OLED_ShowChar (oled)

    -------------------------------------------------------------------------
  LIBRARY MODULE, NAME : ?MOVE_LONG8_XDATA_IDATA

  SEGMENTS IN THE MODULE
  ======================
RCODE
  Relative segment, address: CODE 00000737 - 00000743 (0xd bytes), align: 0
  Segment part 0.
           ENTRY                   ADDRESS         REF BY
           =====                   =======         ======
           ?MOVE_LONG8_XDATA_IDATA
                                   00000737        ?PUSH_XSTACK_I (?PUSH_XSTACK_I)

    -------------------------------------------------------------------------
  LIBRARY MODULE, NAME : ?MOVE_LONG8_XDATA_XDATA

  SEGMENTS IN THE MODULE
  ======================
RCODE
  Relative segment, address: CODE 00000744 - 00000764 (0x21 bytes), align: 0
  Segment part 0.
           ENTRY                   ADDRESS         REF BY
           =====                   =======         ======
           ?MOVE_LONG8_XDATA_XDATA
                                   00000744        ?PUSH_XSTACK8_X (?PUSH_XSTACK8_X)
                                                   clock_run (clock_plate)
                                                   ds3231_init (ds3231)

    -------------------------------------------------------------------------
  LIBRARY MODULE, NAME : ?SS_SHR

  SEGMENTS IN THE MODULE
  ======================
RCODE
  Relative segment, address: CODE 00000765 - 00000767 (0x3 bytes), align: 0
  Segment part 1.             Intra module refs:   Segment part 2
           ENTRY                   ADDRESS         REF BY
           =====                   =======         ======
           ?SS_SHR                 00000765        OLED_ShowChar (oled)
    -------------------------------------------------------------------------
RCODE
  Relative segment, address: CODE 00000768 - 00000774 (0xd bytes), align: 0
  Segment part 2.             Intra module refs:   ?SS_SHR

    -------------------------------------------------------------------------
  LIBRARY MODULE, NAME : ?S_SHL

  SEGMENTS IN THE MODULE
  ======================
RCODE
  Relative segment, address: CODE 00000775 - 00000777 (0x3 bytes), align: 0
  Segment part 0.
           ENTRY                   ADDRESS         REF BY
           =====                   =======         ======
           ?S_SHL                  00000775        OLED_GetPixel (oled)
                                                   OLED_SetPixel (oled)
                                                   OLED_ShowChar (oled)
    -------------------------------------------------------------------------
RCODE
  Relative segment, address: CODE 00000778 - 0000077A (0x3 bytes), align: 0
  Segment part 1.             Intra module refs:   Segment part 2
           ENTRY                   ADDRESS         REF BY
           =====                   =======         ======
           ?S_SHL_REW              00000778 
    -------------------------------------------------------------------------
RCODE
  Relative segment, address: CODE 0000077B - 00000787 (0xd bytes), align: 0
  Segment part 2.             Intra module refs:   ?S_SHL
                                                   ?S_SHL_REW

    -------------------------------------------------------------------------
  LIBRARY MODULE, NAME : ?ALLOC_XSTACK8

  SEGMENTS IN THE MODULE
  ======================
RCODE
  Relative segment, address: CODE 00000788 - 0000079D (0x16 bytes), align: 0
  Segment part 0.
           ENTRY                   ADDRESS         REF BY
           =====                   =======         ======
           ?ALLOC_XSTACK8          00000788        OLED_Clear (oled)
                                                   OLED_DrawCircle (oled)
                                                   OLED_DrawLine (oled)
                                                   OLED_Refresh_Display (oled)
                                                   OLED_ShowChar (oled)
                                                   OLED_WR_Byte (oled)
                                                   clock_calculate_coordinate (clock_plate)
                                                   clock_show_time (clock_plate)
                                                   ds3231_get_time (ds3231)
                                                   ds3231_init (ds3231)
                                                   hard_i2c_delay (i2c_hard)
                                                   main (main)

    -------------------------------------------------------------------------
  LIBRARY MODULE, NAME : ?DEALLOC_XSTACK8

  SEGMENTS IN THE MODULE
  ======================
RCODE
  Relative segment, address: CODE 0000079E - 000007B8 (0x1b bytes), align: 0
  Segment part 0.
           ENTRY                   ADDRESS         REF BY
           =====                   =======         ======
           ?DEALLOC_XSTACK8        0000079E        ?Subroutine0 (ds3231)
                                                   ?Subroutine0 (oled)
                                                   ?Subroutine1 (ds3231)
                                                   OLED_Clear (oled)
                                                   OLED_DrawCircle (oled)
                                                   OLED_DrawLine (oled)
                                                   OLED_Refresh_Display (oled)
                                                   Segment part 38 (oled)
                                                   Segment part 50 (oled)
                                                   Segment part 98 (oled)
                                                   clock_calculate_coordinate (clock_plate)
                                                   clock_plate_init (clock_plate)
                                                   clock_run (clock_plate)
                                                   clock_show_time (clock_plate)
                                                   ds3231_get_time (ds3231)
                                                   ds3231_init (ds3231)
                                                   hard_i2c_delay (i2c_hard)
                                                   main (main)

    -------------------------------------------------------------------------
  LIBRARY MODULE, NAME : ?ADD_XSTACK_DISP8

  SEGMENTS IN THE MODULE
  ======================
RCODE
  Relative segment, address: CODE 000007B9 - 000007D3 (0x1b bytes), align: 0
  Segment part 1.
           ENTRY                   ADDRESS         REF BY
           =====                   =======         ======
           ?ADD_XSTACK_DISP0_8     000007B9        ?PUSH_XSTACK_I (?PUSH_XSTACK_I)

    -------------------------------------------------------------------------
  LIBRARY MODULE, NAME : ?XSTACK_DISP8

  SEGMENTS IN THE MODULE
  ======================
RCODE
  Relative segment, address: CODE 000007D4 - 000007DD (0xa bytes), align: 0
  Segment part 1.
           ENTRY                   ADDRESS         REF BY
           =====                   =======         ======
           ?XSTACK_DISP0_8         000007D4        OLED_DrawCircle (oled)
                                                   OLED_DrawLine (oled)
                                                   OLED_GetPixel (oled)
                                                   OLED_SetPixel (oled)
                                                   OLED_ShowChar (oled)
                                                   clock_calculate_coordinate (clock_plate)
                                                   clock_get_coordinate (clock_plate)
                                                   clock_show_time (clock_plate)
                                                   ds3231_get_time (ds3231)
                                                   hard_i2c_transaction (i2c_hard)
                                                   hard_spi_transaction (spi_hard)
                                                   main (main)

    -------------------------------------------------------------------------
  LIBRARY MODULE, NAME : ?XSTACK_DISP8_RP

  SEGMENTS IN THE MODULE
  ======================
RCODE
  Relative segment, address: CODE 000007DE - 000007E5 (0x8 bytes), align: 0
  Segment part 1.
           ENTRY                   ADDRESS         REF BY
           =====                   =======         ======
           ?XSTACK_DISP101_8       000007DE        ?Subroutine0 (oled)
                                                   OLED_Clear (oled)
                                                   OLED_Refresh_Display (oled)
                                                   ds3231_get_time (ds3231)
                                                   ds3231_init (ds3231)
                                                   main (main)
    -------------------------------------------------------------------------
RCODE
  Relative segment, address: CODE 000007E6 - 000007ED (0x8 bytes), align: 0
  Segment part 2.
           ENTRY                   ADDRESS         REF BY
           =====                   =======         ======
           ?XSTACK_DISP102_8       000007E6        clock_show_time (clock_plate)
                                                   ds3231_get_time (ds3231)

    -------------------------------------------------------------------------
  LIBRARY MODULE, NAME : ?FUNC_ENTER_XDATA

  SEGMENTS IN THE MODULE
  ======================
RCODE
  Relative segment, address: CODE 000007EE - 00000853 (0x66 bytes), align: 0
  Segment part 1.
           ENTRY                   ADDRESS         REF BY
           =====                   =======         ======
           ?FUNC_ENTER_XDATA       000007EE        OLED_Clear (oled)
                                                   OLED_DrawCircle (oled)
                                                   OLED_DrawLine (oled)
                                                   OLED_GetPixel (oled)
                                                   OLED_SetPixel (oled)
                                                   OLED_ShowChar (oled)
                                                   OLED_WR_Byte (oled)
                                                   clock_calculate_coordinate (clock_plate)
                                                   clock_get_coordinate (clock_plate)
                                                   clock_plate_init (clock_plate)
                                                   clock_show_time (clock_plate)
                                                   ds3231_get_time (ds3231)
                                                   hard_i2c_transaction (i2c_hard)
                                                   hard_i2c_ulock (i2c_hard)
                                                   hard_spi_transaction (spi_hard)

    -------------------------------------------------------------------------
  LIBRARY MODULE, NAME : ?FUNC_LEAVE_XDATA

  SEGMENTS IN THE MODULE
  ======================
RCODE
  Relative segment, address: CODE 00000854 - 00000893 (0x40 bytes), align: 0
  Segment part 1.
           ENTRY                   ADDRESS         REF BY
           =====                   =======         ======
           ?FUNC_LEAVE_XDATA       00000854        ?Subroutine0 (clock_plate)
                                                   ?Subroutine1 (ds3231)
                                                   Segment part 38 (oled)
                                                   Segment part 99 (oled)
                                                   clock_calculate_coordinate (clock_plate)
                                                   clock_plate_init (clock_plate)
                                                   hard_i2c_transaction (i2c_hard)
                                                   hard_i2c_ulock (i2c_hard)
                                                   hard_spi_transaction (spi_hard)

    -------------------------------------------------------------------------
  LIBRARY MODULE, NAME : ?PUSH_XSTACK_I

  SEGMENTS IN THE MODULE
  ======================
RCODE
  Relative segment, address: CODE 00000894 - 00000897 (0x4 bytes), align: 0
  Segment part 0.
           ENTRY                   ADDRESS         REF BY
           =====                   =======         ======
           ?PUSH_XSTACK_I_FOUR     00000894        OLED_DrawCircle (oled)
                                                   OLED_DrawLine (oled)
                                                   clock_calculate_coordinate (clock_plate)
                                                   clock_plate_init (clock_plate)
    -------------------------------------------------------------------------
RCODE
  Relative segment, address: CODE 00000898 - 0000089B (0x4 bytes), align: 0
  Segment part 2.
           ENTRY                   ADDRESS         REF BY
           =====                   =======         ======
           ?PUSH_XSTACK_I_TWO      00000898        OLED_DrawCircle (oled)
                                                   clock_show_time (clock_plate)
    -------------------------------------------------------------------------
RCODE
  Relative segment, address: CODE 0000089C - 000008A8 (0xd bytes), align: 0
  Segment part 4.             Intra module refs:   ?PUSH_XSTACK_I_FOUR
                                                   ?PUSH_XSTACK_I_TWO
           ENTRY                   ADDRESS         REF BY
           =====                   =======         ======
           ?PUSH_XSTACK_I          0000089C 

    -------------------------------------------------------------------------
  LIBRARY MODULE, NAME : ?PUSH_XSTACK8_X

  SEGMENTS IN THE MODULE
  ======================
RCODE
  Relative segment, address: CODE 000008A9 - 000008AC (0x4 bytes), align: 0
  Segment part 1.
           ENTRY                   ADDRESS         REF BY
           =====                   =======         ======
           ?PUSH_XSTACK8_X_FOUR    000008A9        ?Subroutine0 (oled)
                                                   OLED_Clear (oled)
                                                   OLED_Refresh_Display (oled)
                                                   clock_plate_init (clock_plate)
                                                   ds3231_get_time (ds3231)
                                                   ds3231_init (ds3231)
    -------------------------------------------------------------------------
RCODE
  Relative segment, address: CODE 000008AD - 000008B0 (0x4 bytes), align: 0
  Segment part 3.
           ENTRY                   ADDRESS         REF BY
           =====                   =======         ======
           ?PUSH_XSTACK8_X_TWO     000008AD        OLED_DrawCircle (oled)
    -------------------------------------------------------------------------
RCODE
  Relative segment, address: CODE 000008B1 - 000008D9 (0x29 bytes), align: 0
  Segment part 5.             Intra module refs:   ?PUSH_XSTACK8_X_FOUR
                                                   ?PUSH_XSTACK8_X_TWO
           ENTRY                   ADDRESS         REF BY
           =====                   =======         ======
           ?PUSH_XSTACK8_X         000008B1        clock_run (clock_plate)
                                                   main (main)




                ****************************************
                *                                      *
                *      SEGMENTS IN ADDRESS ORDER       *
                *                                      *
                ****************************************


SEGMENT              SPACE    START ADDRESS   END ADDRESS     SIZE  TYPE  ALIGN
=======              =====    =============   ===========     ====  ====  =====
INTVEC               CODE          00000000 - 00000002           3   com    0
CSTART               CODE          00000003 - 00000052          50   rel    0
DATA_ID              CODE               00000053                     dse    0
BDATA_ID             CODE               00000053                     dse    0
BIT_ID               CODE               00000053                     dse    0
IXDATA_ID            CODE               00000053                     dse    0
PDATA_ID             CODE               00000053                     dse    0
IDATA_ID             CODE               00000053                     dse    0
XDATA_ID             CODE          00000053 - 000000B0          5E   rel    0
RCODE                CODE          000000B1 - 000008D9         829   rel    0
<CODE_C,NEAR_CODE> 1
                     CODE          000008DA - 00002A80        21A7   rel    0
REGISTERS            DATA          00000000 - 00000007           8   rel    0
VREG                 DATA          00000008 - 00000017          10   rel    0
PSP                  DATA               00000018                     dse    0
XSP                  DATA          00000018 - 00000019           2   rel    0
BREG                 BIT        00000020.0  -  00000020.7        8   rel    0
SFR_AN               DATA          00000081 - 00000081           1   rel    0
                     DATA          00000088 - 00000089           2 
                     DATA          0000008B - 0000008B           1 
                     DATA          0000008D - 0000008E           2 
                     DATA          00000090 - 00000090           1 
                     DATA          00000098 - 00000099           2 
                     DATA          000000A2 - 000000A2           1 
                     DATA          000000A8 - 000000A8           1 
                     DATA          000000BA - 000000BA           1 
                     DATA          000000CD - 000000CF           3 
XSTACK               XDATA         00000001 - 000002FF         2FF   rel    0
XDATA_I              XDATA         00000300 - 0000035D          5E   rel    0
XDATA_Z              XDATA         0000035E - 000007D8         47B   rel    0
XDATA_AN             XDATA         0000FE80 - 0000FE82           3   rel    0
                     XDATA         0000FE86 - 0000FE87           2 
ISTACK               IDATA         000000C0 - 000000FF          40   rel    0

                ****************************************
                *                                      *
                *        END OF CROSS REFERENCE        *
                *                                      *
                ****************************************

 10 881 bytes of CODE  memory
     26 bytes of DATA  memory (+ 15 absolute )
  2 008 bytes of XDATA memory (+  5 absolute )
     64 bytes of IDATA memory
      8 bits  of BIT   memory

Errors: none
Warnings: none

